// Jest Snapshot v1, https://goo.gl/fbAQLP

exports[`Card should match the snapshot with all data passed correctly 1`] = `
<article>
  <h3>
    Trisha
    's Reservation
  </h3>
  <p>
    Date: 
    10/22
  </p>
  <p>
    Time: 
    11:00
  </p>
  <p>
    Number: 
    9
  </p>
  <button
    className="cancel-button"
  >
    Cancel
  </button>
</article>
`;
